--------- beginning of main
1790060507.811 13613 13712 I BENCH   : BENCH frame_in t_elapsed_ns=33223372709175 seq=1 samples=512
1790060507.836 13613 13712 I BENCH   : BENCH frame_in t_elapsed_ns=33223398409092 seq=2 samples=512
1790060507.865 13613 13712 I BENCH   : BENCH frame_in t_elapsed_ns=33223427189800 seq=3 samples=512
1790060507.910 13613 13712 I BENCH   : BENCH frame_in t_elapsed_ns=33223472407550 seq=4 samples=512
1790060507.945 13613 13712 I BENCH   : BENCH frame_in t_elapsed_ns=33223506906883 seq=5 samples=512
1790060507.989 13613 13712 I BENCH   : BENCH frame_in t_elapsed_ns=33223551653342 seq=6 samples=512
1790060508.068 13613 13712 I BENCH   : BENCH frame_in t_elapsed_ns=33223630684800 seq=7 samples=512
1790060508.070 13613 13712 I BENCH   : BENCH frame_in t_elapsed_ns=33223632207550 seq=8 samples=512
1790060508.098 13613 13712 I BENCH   : BENCH frame_in t_elapsed_ns=33223660257800 seq=9 samples=512
1790060508.125 13613 13712 I BENCH   : BENCH frame_in t_elapsed_ns=33223687561342 seq=10 samples=512
1790060508.134 13613 13712 I BENCH   : BENCH frame_in t_elapsed_ns=33223696227258 seq=11 samples=512
1790060508.154 13613 13712 I BENCH   : BENCH frame_in t_elapsed_ns=33223715846467 seq=12 samples=512
1790060508.192 13613 13712 I BENCH   : BENCH frame_in t_elapsed_ns=33223754304008 seq=13 samples=512
1790060508.222 13613 13712 I BENCH   : BENCH frame_in t_elapsed_ns=33223784516967 seq=14 samples=512
1790060508.249 13613 13712 I BENCH   : BENCH frame_in t_elapsed_ns=33223811049467 seq=15 samples=512
1790060508.281 13613 13712 I BENCH   : BENCH frame_in t_elapsed_ns=33223843259717 seq=16 samples=512
1790060508.309 13613 13712 I BENCH   : BENCH frame_in t_elapsed_ns=33223871647675 seq=17 samples=512
1790060508.352 13613 13712 I BENCH   : BENCH frame_in t_elapsed_ns=33223914066550 seq=18 samples=512
1790060508.372 13613 13712 I BENCH   : BENCH frame_in t_elapsed_ns=33223934398550 seq=19 samples=512
1790060508.415 13613 13712 I BENCH   : BENCH frame_in t_elapsed_ns=33223976817717 seq=20 samples=512
1790060508.443 13613 13712 I BENCH   : BENCH frame_in t_elapsed_ns=33224005442384 seq=21 samples=512
1790060508.482 13613 13712 I BENCH   : BENCH frame_in t_elapsed_ns=33224043438842 seq=22 samples=512
1790060508.507 13613 13712 I BENCH   : BENCH frame_in t_elapsed_ns=33224069239342 seq=23 samples=512
1790060508.535 13613 13712 I BENCH   : BENCH frame_in t_elapsed_ns=33224097323259 seq=24 samples=512
1790060508.569 13613 13712 I BENCH   : BENCH frame_in t_elapsed_ns=33224131652092 seq=25 samples=512
1790060508.598 13613 13712 I BENCH   : BENCH frame_in t_elapsed_ns=33224160287717 seq=26 samples=512
1790060508.635 13613 13712 I BENCH   : BENCH frame_in t_elapsed_ns=33224197075009 seq=27 samples=512
1790060508.666 13613 13712 I BENCH   : BENCH frame_in t_elapsed_ns=33224228459634 seq=28 samples=512
1790060508.698 13613 13712 I BENCH   : BENCH frame_in t_elapsed_ns=33224260573967 seq=29 samples=512
1790060508.723 13613 13712 I BENCH   : BENCH frame_in t_elapsed_ns=33224284869634 seq=30 samples=512
1790060508.762 13613 13712 I BENCH   : BENCH frame_in t_elapsed_ns=33224324370925 seq=31 samples=512
1790060508.812 13613 13712 I BENCH   : BENCH frame_in t_elapsed_ns=33224367712425 seq=32 samples=512
1790060508.831 13613 13712 I BENCH   : BENCH frame_in t_elapsed_ns=33224392774300 seq=33 samples=512
1790060508.856 13613 13712 I BENCH   : BENCH frame_in t_elapsed_ns=33224418526134 seq=34 samples=512
1790060508.893 13613 13712 I BENCH   : BENCH frame_in t_elapsed_ns=33224454130134 seq=35 samples=512
1790060508.931 13613 13712 I BENCH   : BENCH frame_in t_elapsed_ns=33224493252342 seq=36 samples=512
1790060509.008 13613 13712 I BENCH   : BENCH frame_in t_elapsed_ns=33224570043801 seq=37 samples=512
1790060509.060 13613 13712 I BENCH   : BENCH frame_in t_elapsed_ns=33224615967967 seq=38 samples=512
1790060509.065 13613 13712 I BENCH   : BENCH frame_in t_elapsed_ns=33224626870801 seq=39 samples=512
1790060509.084 13613 13712 I BENCH   : BENCH frame_in t_elapsed_ns=33224645986592 seq=40 samples=512
1790060509.102 13613 13712 I BENCH   : BENCH frame_in t_elapsed_ns=33224664646509 seq=41 samples=512
1790060509.116 13613 13712 I BENCH   : BENCH frame_in t_elapsed_ns=33224677927967 seq=42 samples=512
1790060509.148 13613 13712 I BENCH   : BENCH frame_in t_elapsed_ns=33224710690092 seq=43 samples=512
1790060509.179 13613 13712 I BENCH   : BENCH frame_in t_elapsed_ns=33224741488926 seq=44 samples=512
1790060509.244 13613 13712 I BENCH   : BENCH frame_in t_elapsed_ns=33224806430176 seq=45 samples=512
1790060509.265 13613 13712 I BENCH   : BENCH frame_in t_elapsed_ns=33224827042217 seq=46 samples=512
1790060509.304 13613 13712 I BENCH   : BENCH frame_in t_elapsed_ns=33224866695801 seq=47 samples=512
1790060509.333 13613 13712 I BENCH   : BENCH frame_in t_elapsed_ns=33224895737426 seq=48 samples=512
1790060509.364 13613 13712 I BENCH   : BENCH frame_in t_elapsed_ns=33224926509717 seq=49 samples=512
1790060509.370 13613 13712 I BENCH   : BENCH frame_in t_elapsed_ns=33224931830634 seq=50 samples=512
1790060509.404 13613 13712 I BENCH   : BENCH frame_in t_elapsed_ns=33224966426134 seq=51 samples=512
1790060509.493 13613 13712 I BENCH   : BENCH frame_in t_elapsed_ns=33225055079592 seq=52 samples=512
1790060509.515 13613 13712 I BENCH   : BENCH frame_in t_elapsed_ns=33225077630384 seq=53 samples=512
1790060509.539 13613 13712 I BENCH   : BENCH frame_in t_elapsed_ns=33225101405842 seq=54 samples=512
1790060509.541 13613 13712 I BENCH   : BENCH frame_in t_elapsed_ns=33225102877301 seq=55 samples=512
1790060509.600 13613 13712 I BENCH   : BENCH frame_in t_elapsed_ns=33225162353009 seq=56 samples=512
1790060509.601 13613 13712 I BENCH   : BENCH frame_in t_elapsed_ns=33225163709426 seq=57 samples=512
1790060509.604 13613 13712 I BENCH   : BENCH speech_started t_elapsed_ns=33225166711759 mode=silero startSample=2720 durationMs=1404
1790060509.605 13613 13712 I BENCH   : BENCH speech_stopped t_elapsed_ns=33225166711759 mode=silero durationMs=1404
1790060509.673 13613 13712 I BENCH   : BENCH frame_in t_elapsed_ns=33225235449717 seq=58 samples=512
1790060509.681 13613 13712 I BENCH   : BENCH frame_in t_elapsed_ns=33225243661509 seq=59 samples=512
1790060509.689 13613 13712 I BENCH   : BENCH frame_in t_elapsed_ns=33225250713718 seq=60 samples=512
1790060509.910 13613 13712 I BENCH   : BENCH frame_in t_elapsed_ns=33225472381134 seq=61 samples=512
1790060509.912 13613 13712 I BENCH   : BENCH frame_in t_elapsed_ns=33225473904218 seq=62 samples=512
1790060509.913 13613 13712 I BENCH   : BENCH frame_in t_elapsed_ns=33225475536301 seq=63 samples=512
1790060509.915 13613 13712 I BENCH   : BENCH frame_in t_elapsed_ns=33225477049593 seq=64 samples=512
1790060509.917 13613 13712 I BENCH   : BENCH frame_in t_elapsed_ns=33225478130301 seq=65 samples=512
1790060509.918 13613 13712 I BENCH   : BENCH frame_in t_elapsed_ns=33225479864968 seq=66 samples=512
1790060511.026 13613 13710 I BENCH   : BENCH llm_first_token t_elapsed_ns=33226588502385
1790060511.128 13613 13710 I BENCH   : BENCH llm_chunk t_elapsed_ns=33226690205802 first=true words=7 chars=37
1790060511.499 13613 13710 I BENCH   : BENCH audiotrack_ready t_elapsed_ns=33227061506885 perf_mode=0 bufferFrames=4360 minBufferSize=8720 srcRate=16000 outRate=48000 session=263969
1790060511.584 13613 13710 I BENCH   : TeeAudioTrack tee file initialized: /storage/emulated/0/Android/data/com.sisa.app.live/files/bench/./tee_1790060511584.pcm
1790060511.713 13613 13710 I BENCH   : BENCH llm_chunk t_elapsed_ns=33227274860468 first=false words=8 chars=40
1790060511.735 13613 13710 I BENCH   : BENCH barge_flush t_elapsed_ns=33227297432302 reason=barge_in head=0
1790060511.768 13613 13710 I BENCH   : BENCH barge_flush t_elapsed_ns=33227329939468 reason=barge_in head=0
1790060519.937 13613 13709 I BENCH   : BENCH tts_chunk_first t_elapsed_ns=33235499332764 samples=20480 head=0
1790060520.140 13613 13712 I BENCH   : BENCH frame_in t_elapsed_ns=33235702456264 seq=67 samples=512
1790060520.144 13613 13712 I BENCH   : BENCH frame_in t_elapsed_ns=33235706328097 seq=68 samples=512
1790060520.178 13613 13712 I BENCH   : BENCH frame_in t_elapsed_ns=33235740669723 seq=69 samples=512
1790060520.218 13613 13712 I BENCH   : BENCH frame_in t_elapsed_ns=33235780110848 seq=70 samples=512
1790060520.246 13613 13712 I BENCH   : BENCH frame_in t_elapsed_ns=33235808458889 seq=71 samples=512
1790060520.323 13613 13712 I BENCH   : BENCH frame_in t_elapsed_ns=33235872251473 seq=72 samples=512
1790060520.477 13613 13712 I BENCH   : BENCH frame_in t_elapsed_ns=33236039015181 seq=73 samples=512
1790060520.478 13613 13712 I BENCH   : BENCH frame_in t_elapsed_ns=33236040497556 seq=74 samples=512
1790060520.486 13613 13712 I BENCH   : BENCH frame_in t_elapsed_ns=33236043969973 seq=75 samples=512
1790060520.491 13613 13712 I BENCH   : BENCH frame_in t_elapsed_ns=33236052619514 seq=76 samples=512
1790060520.492 13613 13712 I BENCH   : BENCH frame_in t_elapsed_ns=33236054095598 seq=77 samples=512
1790060520.493 13613 13712 I BENCH   : BENCH frame_in t_elapsed_ns=33236055117889 seq=78 samples=512
1790060520.495 13613 13712 I BENCH   : BENCH frame_in t_elapsed_ns=33236057286973 seq=79 samples=512
1790060520.540 13613 13712 I BENCH   : BENCH frame_in t_elapsed_ns=33236095922556 seq=80 samples=512
1790060520.623 13613 13712 I BENCH   : BENCH frame_in t_elapsed_ns=33236184807306 seq=81 samples=512
1790060520.659 13613 13712 I BENCH   : BENCH frame_in t_elapsed_ns=33236221484098 seq=82 samples=512
1790060520.661 13613 13712 I BENCH   : BENCH frame_in t_elapsed_ns=33236223729514 seq=83 samples=512
1790060520.667 13613 13712 I BENCH   : BENCH frame_in t_elapsed_ns=33236229679764 seq=84 samples=512
1790060520.697 13613 13712 I BENCH   : BENCH frame_in t_elapsed_ns=33236258763973 seq=85 samples=512
1790060520.755 13613 13712 I BENCH   : BENCH frame_in t_elapsed_ns=33236317291098 seq=86 samples=512
1790060520.758 13613 13712 I BENCH   : BENCH frame_in t_elapsed_ns=33236320617806 seq=87 samples=512
1790060520.788 13613 13712 I BENCH   : BENCH frame_in t_elapsed_ns=33236350551889 seq=88 samples=512
1790060520.834 13613 13712 I BENCH   : BENCH frame_in t_elapsed_ns=33236396674389 seq=89 samples=512
1790060520.865 13613 13712 I BENCH   : BENCH frame_in t_elapsed_ns=33236427637598 seq=90 samples=512
1790060520.909 13613 13712 I BENCH   : BENCH frame_in t_elapsed_ns=33236470739973 seq=91 samples=512
1790060520.945 13613 13712 I BENCH   : BENCH frame_in t_elapsed_ns=33236506968640 seq=92 samples=512
1790060520.974 13613 13712 I BENCH   : BENCH frame_in t_elapsed_ns=33236531908265 seq=93 samples=512
1790060520.988 13613 13712 I BENCH   : BENCH frame_in t_elapsed_ns=33236550546515 seq=94 samples=512
1790060521.014 13613 13712 I BENCH   : BENCH frame_in t_elapsed_ns=33236575918515 seq=95 samples=512
1790060521.053 13613 13712 I BENCH   : BENCH frame_in t_elapsed_ns=33236615383515 seq=96 samples=512
1790060521.082 13613 13712 I BENCH   : BENCH frame_in t_elapsed_ns=33236644451098 seq=97 samples=512
1790060521.118 13613 13712 I BENCH   : BENCH frame_in t_elapsed_ns=33236680525598 seq=98 samples=512
1790060521.147 13613 13712 I BENCH   : BENCH frame_in t_elapsed_ns=33236708912140 seq=99 samples=512
1790060522.797 13613 13710 I BENCH   : BENCH tts_chunk t_elapsed_ns=33238358682140 samples=39936 head=6828